// Jest Snapshot v1, https://goo.gl/fbAQLP

exports[`SettlementList  1`] = `
<div>
  <div
    class="chakra-stack css-1anxrbq"
  >
    <p
      class="chakra-text css-x39wmu"
    >
      Payment method
    </p>
    <ul
      class="css-1s6xsev"
      role="list"
    >
      <li
        class="css-1v5z18m"
      >
        <div
          class="chakra-stack css-bot922"
        >
          <div
            class="css-0"
          >
            member2
             â†’ 
            member1
          </div>
          <div
            class="css-0"
          >
            1000
            $
          </div>
        </div>
      </li>
    </ul>
  </div>
</div>
`;
